// Jest Snapshot v1, https://goo.gl/fbAQLP

exports[`should render ExpenseListItem correctly 1`] = `
ShallowWrapper {
  "length": 1,
  Symbol(enzyme.__root__): [Circular],
  Symbol(enzyme.__unrendered__): <ExpenseListItem
    amount={195}
    createdAt={0}
    description="Gum"
    id="1"
    note=""
  />,
  Symbol(enzyme.__renderer__): Object {
    "batchedUpdates": [Function],
    "getNode": [Function],
    "render": [Function],
    "simulateEvent": [Function],
    "unmount": [Function],
  },
  Symbol(enzyme.__node__): Object {
    "instance": null,
    "key": undefined,
    "nodeType": "host",
    "props": Object {
      "children": Array [
        <Link
          replace={false}
          to="/edit/1"
        >
          <h3>
            Gum
          </h3>
        </Link>,
        <p>
          195
           - 
          0
        </p>,
      ],
    },
    "ref": null,
    "rendered": Array [
      Object {
        "instance": null,
        "key": undefined,
        "nodeType": "class",
        "props": Object {
          "children": <h3>
            Gum
          </h3>,
          "replace": false,
          "to": "/edit/1",
        },
        "ref": null,
        "rendered": Object {
          "instance": null,
          "key": undefined,
          "nodeType": "host",
          "props": Object {
            "children": "Gum",
          },
          "ref": null,
          "rendered": "Gum",
          "type": "h3",
        },
        "type": [Function],
      },
      Object {
        "instance": null,
        "key": undefined,
        "nodeType": "host",
        "props": Object {
          "children": Array [
            195,
            " - ",
            0,
          ],
        },
        "ref": null,
        "rendered": Array [
          195,
          " - ",
          0,
        ],
        "type": "p",
      },
    ],
    "type": "div",
  },
  Symbol(enzyme.__nodes__): Array [
    Object {
      "instance": null,
      "key": undefined,
      "nodeType": "host",
      "props": Object {
        "children": Array [
          <Link
            replace={false}
            to="/edit/1"
          >
            <h3>
              Gum
            </h3>
          </Link>,
          <p>
            195
             - 
            0
          </p>,
        ],
      },
      "ref": null,
      "rendered": Array [
        Object {
          "instance": null,
          "key": undefined,
          "nodeType": "class",
          "props": Object {
            "children": <h3>
              Gum
            </h3>,
            "replace": false,
            "to": "/edit/1",
          },
          "ref": null,
          "rendered": Object {
            "instance": null,
            "key": undefined,
            "nodeType": "host",
            "props": Object {
              "children": "Gum",
            },
            "ref": null,
            "rendered": "Gum",
            "type": "h3",
          },
          "type": [Function],
        },
        Object {
          "instance": null,
          "key": undefined,
          "nodeType": "host",
          "props": Object {
            "children": Array [
              195,
              " - ",
              0,
            ],
          },
          "ref": null,
          "rendered": Array [
            195,
            " - ",
            0,
          ],
          "type": "p",
        },
      ],
      "type": "div",
    },
  ],
  Symbol(enzyme.__options__): Object {
    "adapter": ReactSixteenAdapter {
      "options": Object {
        "enableComponentDidUpdateOnSetState": true,
      },
    },
  },
}
`;
